Welcome to Git (version 1.9.5-preview20150319)


Run 'git help git' to display the help index.
Run 'git help <command>' to display help for specific commands.

wanc@WANC2WINLAP ~
$ git config --global user.name primitivefairy

wanc@WANC2WINLAP ~
$ git config --global user.email chenwan168@gmail.com

wanc@WANC2WINLAP ~
$ git config --list
core.symlinks=false
core.autocrlf=true
color.diff=auto
color.status=auto
color.branch=auto
color.interactive=true
pack.packsizelimit=2g
help.format=html
http.sslcainfo=/bin/curl-ca-bundle.crt
sendemail.smtpserver=/bin/msmtp.exe
diff.astextplain.textconv=astextplain
rebase.autosquash=true
user.name=primitivefairy
user.email=chenwan168@gmail.com
core.autocrlf=true
filter.lfs.clean=git lfs clean %f
filter.lfs.smudge=git lfs smudge %f
filter.lfs.required=true

wanc@WANC2WINLAP ~
$ cd datasciencecoursera
sh.exe": cd: datasciencecoursera: No such file or directory

wanc@WANC2WINLAP ~
$ git init
Initialized empty Git repository in C:/Users/wanc/.git/

wanc@WANC2WINLAP ~ (master)
$ git remote add origin https://github.com/primitivefairy/datasciencecoursera.g
it

wanc@WANC2WINLAP ~ (master)
$ mkdir ~/datasciencecoursera

wanc@WANC2WINLAP ~ (master)
$ cd ~/datasciencecoursera

wanc@WANC2WINLAP ~/datasciencecoursera (master)
$ git init
Initialized empty Git repository in c:/Users/wanc/datasciencecoursera/.git/

wanc@WANC2WINLAP ~/datasciencecoursera (master)
$ git remote add origin https://github.com/primitivefairy/datasciencecoursera.g
it

wanc@WANC2WINLAP ~/datasciencecoursera (master)
$ git push HelloWorld.md
warning: push.default is unset; its implicit value is changing in
Git 2.0 from 'matching' to 'simple'. To squelch this message
and maintain the current behavior after the default changes, use:

  git config --global push.default matching

To squelch this message and adopt the new behavior now, use:

  git config --global push.default simple

When push.default is set to 'matching', git will push local branches
to the remote branches that already exist with the same name.

In Git 2.0, Git will default to the more conservative 'simple'
behavior, which only pushes the current branch to the corresponding
remote branch that 'git pull' uses to update the current branch.

See 'git help config' and search for 'push.default' for further information.
(the 'simple' mode was introduced in Git 1.7.11. Use the similar mode
'current' instead of 'simple' if you sometimes use older versions of Git)

fatal: Invalid gitfile format: HelloWorld.md
fatal: Could not read from remote repository.

Please make sure you have the correct access rights
and the repository exists.

wanc@WANC2WINLAP ~/datasciencecoursera (master)
$ git add HelloWorld.md

wanc@WANC2WINLAP ~/datasciencecoursera (master)
$ git commit -m
error: switch `m' requires a value
usage: git commit [options] [--] <pathspec>...

    -q, --quiet           suppress summary after successful commit
    -v, --verbose         show diff in commit message template

Commit message options
    -F, --file <file>     read message from file
    --author <author>     override author for commit
    --date <date>         override date for commit
    -m, --message <message>
                          commit message
    -c, --reedit-message <commit>
                          reuse and edit message from specified commit
    -C, --reuse-message <commit>
                          reuse message from specified commit
    --fixup <commit>      use autosquash formatted message to fixup specified co
mmit
    --squash <commit>     use autosquash formatted message to squash specified c
ommit
    --reset-author        the commit is authored by me now (used with -C/-c/--am
end)
    -s, --signoff         add Signed-off-by:
    -t, --template <file>
                          use specified template file
    -e, --edit            force edit of commit
    --cleanup <default>   how to strip spaces and #comments from message
    --status              include status in commit message template
    -S, --gpg-sign[=<key id>]
                          GPG sign commit

Commit contents options
    -a, --all             commit all changed files
    -i, --include         add specified files to index for commit
    --interactive         interactively add files
    -p, --patch           interactively add changes
    -o, --only            commit only specified files
    -n, --no-verify       bypass pre-commit hook
    --dry-run             show what would be committed
    --short               show status concisely
    --branch              show branch information
    --porcelain           machine-readable output
    --long                show status in long format (default)
    -z, --null            terminate entries with NUL
    --amend               amend previous commit
    --no-post-rewrite     bypass post-rewrite hook
    -u, --untracked-files[=<mode>]
                          show untracked files, optional modes: all, normal, no.
 (Default: all)


wanc@WANC2WINLAP ~/datasciencecoursera (master)
$ git commit -m "HelloWorld"
[master (root-commit) a5f53f9] HelloWorld
 1 file changed, 1 insertion(+)
 create mode 100644 HelloWorld.md

wanc@WANC2WINLAP ~/datasciencecoursera (master)
$ git push -u origin master
Username for 'https://github.com': primitivefairy
Password for 'https://primitivefairy@github.com':
remote: Invalid username or password.
fatal: Authentication failed for 'https://github.com/primitivefairy/datasciencec
oursera.git/'

wanc@WANC2WINLAP ~/datasciencecoursera (master)
$ git push -u origin master
Username for 'https://github.com': primitivefairy
Password for 'https://primitivefairy@github.com':
remote: Invalid username or password.
fatal: Authentication failed for 'https://github.com/primitivefairy/datasciencec
oursera.git/'

wanc@WANC2WINLAP ~/datasciencecoursera (master)
$ git push -u origin master
Username for 'https://github.com': primitivefairy
Password for 'https://primitivefairy@github.com':
remote: Invalid username or password.
fatal: Authentication failed for 'https://github.com/primitivefairy/datasciencec
oursera.git/'

wanc@WANC2WINLAP ~/datasciencecoursera (master)
$ git push -u origin master
Username for 'https://github.com': primitivefairy
Password for 'https://primitivefairy@github.com':
Counting objects: 3, done.
Writing objects: 100% (3/3), 247 bytes | 0 bytes/s, done.
Total 3 (delta 0), reused 0 (delta 0)
To https://github.com/primitivefairy/datasciencecoursera.git
 * [new branch]      master -> master
Branch master set up to track remote branch master from origin.

wanc@WANC2WINLAP ~/datasciencecoursera (master)
$ git clone https://github.com/jtleek/datasharing
Cloning into 'datasharing'...
remote: Counting objects: 63, done.
remote: Total 63 (delta 0), reused 0 (delta 0), pack-reused 63
Unpacking objects: 100% (63/63), done.
Checking connectivity... done.

wanc@WANC2WINLAP ~/datasciencecoursera (master)
$